Version 1.2.5 (2026/07/15)
* Improved efficiency
* Removed the internal table from the global namespace

Version 1.2.4 (2026/04/16)
* Added safeguard against errors from old embedded/non-manifested LibAddonMenu2

Version 1.2.3 (2025/09/18)
* Changed manifest from .txt to .addon

Version 1.2.2 (2024/09/19)
* API version bump for Update 44

Version 1.2.1 (2024/08/22)
* Standardized tooltip text colors via LibExtendedJournal

Version 1.2.0 (2024/08/13)
* For addon developers: Added GetMaxCollectibleId

Version 1.1.7 (2024/07/24)
* Export entries are now sorted by age, rather than by server and then by age

Version 1.1.6 (2024/07/08)
* API version bump for Update 43

Version 1.1.5 (2024/06/01)
* Updated versioning scheme

Version 1.1.4 (2024/03/01)
* Fixed an issue with rescans sometimes not being correctly triggered

Version 1.1.3 (2023/10/24)
* API version bump for Update 40

Version 1.1.2 (2023/03/11)
* API version bump for Update 37 (Scribes of Fate)

Version 1.1.1 (2022/08/29)
* API version bump for Update 35 (Lost Depths)

Version 1.1.0 (2022/04/09)
* Added an option to the Multi-Account Collectibles Tooltip Extension settings
  panel to show the collection information for all servers

Version 1.0.0 (2022/03/09)
* Initial version
